Each child in a list should have a unique "key" prop.

Check the render method of `PlannerBoard`. See https://react.dev/link/warning-keys for more information.
Each child in a list should have a unique "key" prop.

Check the render method of `PlannerBoard`. See https://react.dev/link/warning-keys for more information.
 ⨯ ./components/csv-importer.tsx
Error: 

Caused by:
    0: Failed to read source code from C:\Users\bjarturbg\OneDrive - Public Administration\Desktop\Finance app\components\csv-importer.tsx
    1: The system cannot find the file specified. (os error 2)

Import trace for requested module:
./components/csv-importer.tsx
./app/(app)/transactions/page.tsx
 ⨯ ./components/csv-importer.tsx
Error: 

Caused by:
    0: Failed to read source code from C:\Users\bjarturbg\OneDrive - Public Administration\Desktop\Finance app\components\csv-importer.tsx
    1: The system cannot find the file specified. (os error 2)

Import trace for requested module:
./components/csv-importer.tsx
./app/(app)/transactions/page.tsx
 ⚠ Fast Refresh had to perform a full reload due to a runtime error.
 ⚠ Fast Refresh had to perform a full reload due to a runtime error.
 ⚠ Fast Refresh had to perform a full reload due to a runtime error.
 ⚠ Fast Refresh had to perform a full reload due to a runtime error.
 ⨯ ./lib/data.ts
Error: 

Caused by:
    0: Failed to read source code from C:\Users\bjarturbg\OneDrive - Public Administration\Desktop\Finance app\lib\data.ts
    1: The system cannot find the file specified. (os error 2)

Import trace for requested module:
./lib/data.ts
./app/(app)/layout.tsx
 ⚠ Fast Refresh had to perform a full reload. Read more: https://nextjs.org/docs/messages/fast-refresh-reload
 ⚠ Fast Refresh had to perform a full reload. Read more: https://nextjs.org/docs/messages/fast-refresh-reload
 ⨯ ./components/csv-importer.tsx
Error: 

Caused by:
    0: Failed to read source code from C:\Users\bjarturbg\OneDrive - Public Administration\Desktop\Finance app\components\csv-importer.tsx
    1: The system cannot find the file specified. (os error 2)

Import trace for requested module:
./components/csv-importer.tsx
./app/(app)/transactions/page.tsx
 ⚠ Fast Refresh had to perform a full reload due to a runtime error.
 ⚠ Fast Refresh had to perform a full reload due to a runtime error.
 ⨯ ./components/app-shell.tsx
Error: 

Caused by:
    0: Failed to read source code from C:\Users\bjarturbg\OneDrive - Public Administration\Desktop\Finance app\components\app-shell.tsx
    1: The system cannot find the file specified. (os error 2)

Import trace for requested module:
./components/app-shell.tsx
./app/(app)/layout.tsx
 ⚠ Fast Refresh had to perform a full reload. Read more: https://nextjs.org/docs/messages/fast-refresh-reload
 ⚠ Fast Refresh had to perform a full reload. Read more: https://nextjs.org/docs/messages/fast-refresh-reload
 ⨯ Error [ZodError]: [
  {
    "validation": "uuid",
    "code": "invalid_string",
    "message": "Invalid uuid",
    "path": [
      "category_id"
    ]
  }
]
    at saveMonthlyIncome (lib\actions.ts:110:36)
  108 | export async function saveMonthlyIncome(formData: FormData) {
  109 |   const { supabase, userId: id } = await userId();
> 110 |   const data = monthlyIncomeSchema.parse(formDataObject(formData));
      |                                    ^
  111 |   const payload = {
  112 |     user_id: id,
  113 |     category_id: data.category_id || null, {
  issues: [Array],
  addIssue: [Function (anonymous)],
  addIssues: [Function (anonymous)],
  digest: '4291981724'
}
