
> supabase-personal-finance@1.0.0 dev
> next dev -p 5173

   ▲ Next.js 15.5.15
   - Local:        http://localhost:5173
   - Network:      http://192.168.1.39:5173
   - Environments: .env.local
   - Experiments (use with caution):
     · serverActions

 ✓ Starting...
 ✓ Ready in 4.7s
 ✓ Compiled /middleware in 331ms (167 modules)
 ○ Compiling /login ...
 ✓ Compiled /login in 2.9s (685 modules)
 GET /login 200 in 3524ms
 ○ Compiling /dashboard ...
 ✓ Compiled /dashboard in 1621ms (793 modules)
 GET /dashboard 200 in 3281ms
 ○ Compiling /transactions ...
 ✓ Compiled /transactions in 578ms (784 modules)
 GET /transactions 200 in 2054ms
 ✓ Compiled /budgets in 451ms (786 modules)
 GET /budgets 200 in 1120ms
 ✓ Compiled /savings-goals in 502ms (788 modules)
 GET /savings-goals 200 in 855ms
 ○ Compiling /import ...
 ✓ Compiled /import in 651ms (796 modules)
 GET /import 200 in 1045ms
 ○ Compiling /analytics ...
 ✓ Compiled /analytics in 1697ms (1852 modules)
 GET /analytics 200 in 2237ms
 GET /dashboard 200 in 325ms
 ✓ Compiled in 1532ms (1856 modules)
 ✓ Compiled in 347ms (784 modules)
 GET /dashboard 200 in 612ms
 GET /dashboard 200 in 210ms
 ○ Compiling /login ...
 ✓ Compiled /login in 1019ms (1202 modules)
 GET /login 200 in 1617ms
 GET /dashboard 200 in 1154ms
 ✓ Compiled in 576ms (776 modules)
 ✓ Compiled in 2.6s (1843 modules)
 GET /dashboard 200 in 3361ms
 GET /dashboard 200 in 318ms
 ○ Compiling /login ...
 ✓ Compiled /login in 519ms (1197 modules)
 GET /login 200 in 1206ms
 GET /dashboard 200 in 1440ms
 ✓ Compiled in 536ms (777 modules)
 GET /dashboard 200 in 384ms
 ✓ Compiled in 245ms (777 modules)
 GET /dashboard 200 in 239ms
 ✓ Compiled in 1026ms (1843 modules)
 GET /dashboard 200 in 799ms
 ✓ Compiled in 1912ms (1843 modules)
 GET /dashboard 200 in 536ms
 ✓ Compiled in 1502ms (1844 modules)
 GET /dashboard 200 in 716ms
 ✓ Compiled in 398ms (777 modules)
 GET /dashboard 200 in 384ms
 ✓ Compiled in 909ms (1844 modules)
 GET /dashboard 200 in 588ms
 ○ Compiling /login ...
 ✓ Compiled /login in 873ms (1198 modules)
 GET /login 200 in 1744ms
 GET /login 200 in 1805ms
 GET /dashboard 200 in 1379ms
 ○ Compiling /savings-goals ...
 ✓ Compiled /savings-goals in 1403ms (1846 modules)
 GET /savings-goals 200 in 2343ms
 GET /savings-goals 200 in 310ms
 GET /savings-goals 200 in 294ms
 POST /savings-goals 200 in 621ms
 GET /dashboard 200 in 558ms
 ✓ Compiled in 4s (1845 modules)
 GET /dashboard 200 in 799ms
 ✓ Compiled in 489ms (776 modules)
 ✓ Compiled in 2.2s (1845 modules)
 GET /dashboard 200 in 2618ms
 GET /dashboard 200 in 306ms
 ✓ Compiled in 642ms (777 modules)
 ✓ Compiled in 499ms (777 modules)
 GET /dashboard 200 in 449ms
 GET /dashboard 200 in 520ms
 ✓ Compiled in 11.5s (1862 modules)
 GET /dashboard 200 in 1854ms
 GET /dashboard 200 in 1691ms
 GET /dashboard 200 in 962ms
 GET /dashboard 200 in 915ms
 ○ Compiling /settings ...
 ✓ Compiled /settings in 3.5s (1869 modules)
 ✓ Compiled in 1669ms (786 modules)
 GET /settings 200 in 5556ms
 GET /settings 200 in 1000ms
 GET /settings 200 in 606ms
 GET /dashboard 200 in 721ms
 ✓ Compiled in 4.2s (1869 modules)
 ✓ Compiled in 4.9s (1869 modules)
 GET /dashboard 200 in 1957ms
 ○ Compiling / ...
 ✓ Compiled / in 3.8s (1871 modules)
 GET / 200 in 4726ms
 GET /dashboard 200 in 1699ms
 GET /transactions 200 in 4944ms
 GET /transactions 200 in 3161ms
 GET /dashboard 200 in 847ms
 GET /dashboard 200 in 842ms
 GET /transactions 200 in 1374ms
 ✓ Compiled in 7.4s (1869 modules)
 GET /transactions 200 in 4160ms
 POST /transactions 200 in 1184ms
 GET /dashboard 200 in 2792ms
 GET /savings-goals 200 in 577ms
 ✓ Compiled in 7.2s (2022 modules)
 GET /savings-goals 200 in 5833ms
 GET /savings-goals 200 in 374ms
 GET /savings-goals 200 in 609ms
 GET /savings-goals 200 in 843ms
 GET /savings-goals 200 in 3003ms
 POST /savings-goals 200 in 1287ms
 GET /dashboard 200 in 681ms
 ○ Compiling /budgets ...
 ✓ Compiled /budgets in 1858ms (1085 modules)
 GET /budgets 200 in 2649ms
 GET /budgets 200 in 287ms
 POST /budgets 200 in 742ms
 ○ Compiling /import ...
 ✓ Compiled /import in 6.3s (1880 modules)
 GET /import 200 in 7443ms
 GET /import 200 in 503ms
 GET /import 200 in 396ms
 GET /import 200 in 321ms
 GET /analytics 200 in 468ms
 GET /settings 200 in 388ms
 GET /dashboard 200 in 699ms
 GET /savings-goals 200 in 502ms
 POST /savings-goals 200 in 648ms
 ✓ Compiled in 4.1s (1874 modules)
 GET /savings-goals 200 in 818ms
 POST /savings-goals 200 in 901ms
 POST /savings-goals 200 in 1423ms
 POST /savings-goals 200 in 629ms
 POST /savings-goals 200 in 632ms
 POST /savings-goals 200 in 590ms
 POST /savings-goals 200 in 583ms
 POST /savings-goals 200 in 709ms
 POST /savings-goals 200 in 527ms
 GET /dashboard 200 in 553ms
 GET /budgets 200 in 395ms
 POST /budgets 200 in 571ms
 ○ Compiling /transactions ...
 ✓ Compiled /transactions in 1181ms (1090 modules)
 GET /transactions 200 in 1927ms
 GET /transactions 200 in 267ms
 GET /import 200 in 263ms
 GET /transactions 200 in 2244ms
 POST /import 303 in 2656ms
 GET /import 200 in 274ms
 GET /transactions 200 in 2119ms
 POST /import 303 in 2547ms
 ○ Compiling /analytics ...
 ✓ Compiled /analytics in 1264ms (1092 modules)
 GET /analytics 200 in 2050ms
 GET /analytics 200 in 337ms
 GET /dashboard 200 in 677ms
 ✓ Compiled in 10.9s (2024 modules)
 GET /dashboard 200 in 7990ms
 ○ Compiling /login ...
 ✓ Compiled /login in 3.7s (1215 modules)
 GET /login 200 in 4458ms
 GET /transactions 200 in 4059ms
 GET /dashboard 200 in 864ms
 GET /transactions 200 in 1739ms
 POST /transactions 200 in 549ms
 GET /transactions 200 in 3266ms
 POST /transactions 303 in 3639ms
 GET /transactions 200 in 2279ms
 GET /transactions 200 in 2064ms
 GET /dashboard 200 in 601ms
 GET /transactions 200 in 1586ms
 ✓ Compiled in 13.6s (2024 modules)
 GET /transactions 200 in 16037ms
 GET /transactions 200 in 5132ms
 GET /transactions 200 in 4417ms
 ○ Compiling /savings-goals ...
 ✓ Compiled /savings-goals in 1924ms (1087 modules)
 GET /savings-goals 200 in 2835ms
 GET /savings-goals 200 in 319ms
 POST /savings-goals 200 in 870ms
 POST /savings-goals 200 in 760ms
 POST /savings-goals 200 in 763ms
 POST /savings-goals 200 in 720ms
 GET /dashboard 200 in 701ms
 ✓ Compiled in 9.1s (1871 modules)
 GET /dashboard 200 in 1249ms
 GET /transactions 200 in 3380ms
 POST /transactions 200 in 583ms
 GET /transactions 200 in 3079ms
 POST /transactions 303 in 3446ms
 GET /transactions 200 in 2256ms
 GET /transactions 200 in 2052ms
 POST /transactions 200 in 1806ms
 ✓ Compiled in 5.9s (1871 modules)
 GET /transactions 200 in 2342ms
 ○ Compiling /_error ...
 GET /transactions 500 in 19845ms
 GET /transactions 500 in 76ms
 GET /transactions 500 in 75ms
 GET /transactions 500 in 77ms
 ✓ Compiled /_error in 6s (2217 modules)
 GET /transactions 200 in 329ms
 GET /transactions 500 in 77ms
 ✓ Compiled in 4.7s (2217 modules)
 GET /transactions 200 in 7418ms
 ✓ Compiled in 6.6s (2217 modules)
 GET /transactions 200 in 3017ms
 POST /transactions 200 in 1297ms
 POST /transactions 200 in 856ms
 GET /transactions 200 in 3322ms
 POST /transactions 303 in 3655ms
 GET /transactions 200 in 2214ms
 GET /transactions 200 in 2028ms
 POST /transactions 200 in 759ms
 ✓ Compiled in 701ms (934 modules)
 GET /transactions 500 in 149ms
 GET /transactions 500 in 108ms
 GET /transactions 500 in 61ms
 ✓ Compiled in 5.3s (2217 modules)
 GET /transactions 200 in 464ms
 GET /transactions 200 in 1057ms
 ✓ Compiled in 2.9s (2217 modules)
 ✓ Compiled in 386ms (938 modules)
 ✓ Compiled in 2.6s (2217 modules)
 GET /transactions 200 in 1601ms
 GET /dashboard 200 in 655ms
 GET /transactions 200 in 385ms
 GET /transactions 200 in 3740ms
 POST /transactions 303 in 4091ms
 GET /transactions 200 in 2910ms
 GET /transactions 200 in 2101ms
 GET /dashboard 200 in 589ms
 ✓ Compiled in 4.4s (2217 modules)
 ✓ Compiled in 475ms (938 modules)
 GET /dashboard 200 in 723ms
 GET /dashboard 200 in 354ms
 ✓ Compiled in 3.4s (2217 modules)
 GET /dashboard 200 in 446ms
 GET /dashboard 500 in 48ms
 GET /dashboard 500 in 41ms
 ✓ Compiled in 3.1s (2217 modules)
 GET /dashboard 200 in 2320ms
 ✓ Compiled in 3.4s (2384 modules)
 GET /dashboard 200 in 3346ms
 GET /dashboard 200 in 384ms
 ✓ Compiled in 342ms (938 modules)
 GET /dashboard 200 in 347ms
 ○ Compiling /income ...
 ✓ Compiled /income in 5.1s (2220 modules)
 ✓ Compiled in 1264ms (938 modules)
 GET /income 200 in 7127ms
 GET /income 200 in 549ms
 GET /income 200 in 510ms
 GET /income 200 in 503ms
 GET /income 200 in 400ms
 POST /income 500 in 622ms
 POST /income 200 in 857ms
 GET /income 200 in 511ms
 GET /dashboard 200 in 638ms
 GET /savings-goals 200 in 1126ms
 POST /savings-goals 200 in 828ms
 POST /savings-goals 200 in 533ms
 POST /savings-goals 200 in 551ms
 POST /savings-goals 200 in 1058ms
 POST /savings-goals 200 in 802ms
 POST /savings-goals 200 in 531ms
 GET /analytics 200 in 761ms
 ○ Compiling /settings ...
 ✓ Compiled /settings in 3.4s (1286 modules)
 GET /settings 200 in 4675ms
 GET /dashboard 200 in 1343ms
 GET /dashboard 200 in 592ms
 ○ Compiling /budgets ...
 ✓ Compiled /budgets in 1641ms (1288 modules)
 GET /budgets 200 in 2585ms
 GET /budgets 200 in 362ms
 GET /savings-goals 200 in 472ms
